 
****************************************
Report : power
        -analysis_effort low
Design : FIR_PIPE1
Version: S-2021.06-SP4
Date   : Mon Nov 13 21:24:14 2023
****************************************


Library(s) Used:

    NangateOpenCellLibrary (File: /eda/dk/nangate45/synopsys/NangateOpenCellLibrary_typical_ecsm_nowlm.db)


Operating Conditions: typical   Library: NangateOpenCellLibrary
Wire Load Model Mode: top

Design        Wire Load Model            Library
------------------------------------------------
FIR_PIPE1              5K_hvratio_1_1    NangateOpenCellLibrary


Global Operating Voltage = 1.1  
Power-specific unit information :
    Voltage Units = 1V
    Capacitance Units = 1.000000ff
    Time Units = 1ns
    Dynamic Power Units = 1uW    (derived from V,C,T units)
    Leakage Power Units = 1nW


  Cell Internal Power  = 150.0003 uW   (59%)
  Net Switching Power  = 104.7189 uW   (41%)
                         ---------
Total Dynamic Power    = 254.7192 uW  (100%)

Cell Leakage Power     = 642.6498 uW

Information: report_power power group summary does not include estimated clock tree power. (PWR-789)

                 Internal         Switching           Leakage            Total
Power Group      Power            Power               Power              Power   (   %    )  Attrs
--------------------------------------------------------------------------------------------------
io_pad             0.0000            0.0000            0.0000            0.0000  (   0.00%)
memory             0.0000            0.0000            0.0000            0.0000  (   0.00%)
black_box          0.0000            0.0000            0.0000            0.0000  (   0.00%)
clock_network      0.0000            0.0000            0.0000            0.0000  (   0.00%)
register           0.0000            0.0000            0.0000            0.0000  (   0.00%)
sequential        55.7978           27.4728        8.5721e+04          168.9920  (  18.83%)
combinational     94.2020           77.2450        5.5693e+05          728.3770  (  81.17%)
--------------------------------------------------------------------------------------------------
Total            149.9998 uW       104.7178 uW     6.4265e+05 nW       897.3690 uW
1
